python : Traceback (most recent call last):
No linha:1 caractere:102
+ ... lyContinue; python test_html_report.py > test_output.txt 2>&1; Get-Co ...
+                 ~~~~~~~~~~~~~~~~~~~~~~~~~~~~~~~~~~~~~~~~~~~~~~~~~
    + CategoryInfo          : NotSpecified: (Traceback (most recent call last) 
   ::String) [], RemoteException
    + FullyQualifiedErrorId : NativeCommandError
 
  File "D:\Meu Drive\GITHUB\RelatorioSemanal\test_html_report.py", line 32, in 
main
    gdrive_temp = GoogleDriveManager(config)
                                     ^^^^^^
UnboundLocalError: cannot access local variable 'config' where it is not 
associated with a value

During handling of the above exception, another exception occurred:

Traceback (most recent call last):
  File "D:\Meu Drive\GITHUB\RelatorioSemanal\test_html_report.py", line 235, 
in <module>
    main()
    ~~~~^^
  File "D:\Meu Drive\GITHUB\RelatorioSemanal\test_html_report.py", line 41, in 
main
    print(f"\u26a0\ufe0f Erro ao buscar ID do projeto: {e}")
    ~~~~~^^^^^^^^^^^^^^^^^^^^^^^^^^^^^^^^^^^^^^^^^
  File "C:\Users\pksch\AppData\Local\Programs\Python\Python313\Lib\encodings\cp
1252.py", line 19, in encode
    return codecs.charmap_encode(input,self.errors,encoding_table)[0]
           ~~~~~~~~~~~~~~~~~~~~~^^^^^^^^^^^^^^^^^^^^^^^^^^^^^^^^^^
UnicodeEncodeError: 'charmap' codec can't encode characters in position 0-1: 
character maps to <undefined>
